✅ Komut yüklendi: kişisorgu
✅ Komut yüklendi: mesaj
✅ Komut yüklendi: rütbe-sor
✅ Komut yüklendi: rütbe-ver
✅ Komut yüklendi: sunucudanat
✅ Komut yüklendi: tamyasakla
✅ Komut yüklendi: tenzilver
✅ Komut yüklendi: terfiver
✅ Komut yüklendi: voice
✅ Komut yüklendi: yasakkaldır
✅ Komut yüklendi: yasakla
🚀 Bot Discord'a bağlanıyor...
🌐 HTTP keep-alive sunucusu 3000 portunda çalışıyor.
✅ Bot başarıyla giriş yaptı.
THK Bot#8139 olarak giriş yapıldı ve aktif!
Bot 1 sunucuda aktif
(node:13442) DeprecationWarning: The ready event has been renamed to clientReady to distinguish it from the gateway READY event and will only emit under that name in v15. Please use clientReady instead.
(Use `node --trace-deprecation ...` to show where the warning was created)
🔄 Keep-Alive Ping: 200
🔄 Keep-Alive Ping: 200
🔄 Keep-Alive Ping: 200
🔄 Keep-Alive Ping: 200
🔄 Keep-Alive Ping: 200
🔄 Keep-Alive Ping: 200
🔄 Keep-Alive Ping: 200
🔄 Keep-Alive Ping: 200
🔄 Keep-Alive Ping: 200
🔄 Keep-Alive Ping: 200
🔄 Keep-Alive Ping: 200
🔄 Keep-Alive Ping: 200
🔄 Keep-Alive Ping: 200
🔄 Keep-Alive Ping: 200
🔄 Keep-Alive Ping: 200
🔄 Keep-Alive Ping: 200
🔄 Keep-Alive Ping: 200
🔄 Keep-Alive Ping: 200
🔄 Keep-Alive Ping: 200
🔄 Keep-Alive Ping: 200
🔄 Keep-Alive Ping: 200
🔄 Keep-Alive Ping: 200
🔄 Keep-Alive Ping: 200
🔄 Keep-Alive Ping: 200
🔄 Keep-Alive Ping: 200
🔄 Keep-Alive Ping: 200
🔄 Keep-Alive Ping: 200
🔄 Keep-Alive Ping: 200
🔄 Keep-Alive Ping: 200
🔄 Keep-Alive Ping: 200
🔄 Keep-Alive Ping: 200
🔄 Keep-Alive Ping: 200
🔄 Keep-Alive Ping: 200
🔄 Keep-Alive Ping: 200
🔄 Keep-Alive Ping: 200
🔄 Keep-Alive Ping: 200
🔄 Keep-Alive Ping: 200
✅ Komut yüklendi: kişisorgu
✅ Komut yüklendi: mesaj
✅ Komut yüklendi: rütbe-sor
✅ Komut yüklendi: rütbe-ver
✅ Komut yüklendi: sunucudanat
✅ Komut yüklendi: tamyasakla
✅ Komut yüklendi: tenzilver
✅ Komut yüklendi: terfiver
✅ Komut yüklendi: voice
✅ Komut yüklendi: yasakkaldır
✅ Komut yüklendi: yasakla
🚀 Bot Discord'a bağlanıyor...
🌐 HTTP keep-alive sunucusu 3000 portunda çalışıyor.
✅ Bot başarıyla giriş yaptı.
THK Bot#8139 olarak giriş yapıldı ve aktif!
Bot 1 sunucuda aktif
(node:3310) DeprecationWarning: The ready event has been renamed to clientReady to distinguish it from the gateway READY event and will only emit under that name in v15. Please use clientReady instead.
(Use `node --trace-deprecation ...` to show where the warning was created)
